INFO:spectra.py:453:read_spectra: iotime 0.092 sec to read spectra from:  spectra-16-789.fits at 2026-05-14T11:27:58.737163
ERROR:coaddition.py:851:coadd_cameras: Input wavelength grids (band 'r') are not aligned. Use --lin-step or --log10-step to resample to a common grid.
spectrum: 7781 pixels, z_qso=2.9620

=== c0prior ===
DESI GP model detected.
  → overriding params.normalization window from .h5: [1425.0, 1475.0] Å → [1310.0, 1325.0] Å
DESI DLA model detected.
  null evidence = -3029.9300
  sample_z range: [1.9815, 2.9520], n=100000
  sample_lognhi range: [20.000, 23.000], n=100000
  closest sample: idx=98902  z=2.7745  logNHI=21.262
  initial 5000 samples: above null = 1105/5000
  logL stats: min=-3289.393 median=-3033.671 max=-3012.005
  Δ-vs-null stats: min=-259.463 median=-3.741 max=17.925
  "good" samples z range: [1.991, 2.811]
  "good" samples logNHI range: [20.000, 22.186]
  "good" samples max logL = -3012.0050  (Δ = +17.925)
  samples within Δz=0.05 of truth: n=516
    of those, above null = 414/516
    max logL = -3012.005  Δ = +17.925
    best: idx=1702  z=2.7736  logNHI=21.279  logL=-3012.005

=== m_baseline ===
DESI GP model detected.
DESI DLA model detected.
  null evidence = -2879.5073
  sample_z range: [1.9815, 2.9520], n=100000
  sample_lognhi range: [20.000, 23.000], n=100000
  closest sample: idx=98902  z=2.7745  logNHI=21.262
  initial 5000 samples: above null = 1242/5000
  logL stats: min=-3134.714 median=-2882.873 max=-2856.765
  Δ-vs-null stats: min=-255.206 median=-3.366 max=22.742
  "good" samples z range: [1.991, 2.812]
  "good" samples logNHI range: [20.000, 22.357]
  "good" samples max logL = -2856.7652  (Δ = +22.742)
  samples within Δz=0.05 of truth: n=516
    of those, above null = 430/516
    max logL = -2856.765  Δ = +22.742
    best: idx=3646  z=2.7761  logNHI=21.555  logL=-2856.765

=== SUMMARY ===
  c0prior:    null = -3029.930  max_initial_logL = -3012.005  above_null = 1105/5000
  m_baseline: null = -2879.507  max_initial_logL = -2856.765  above_null = 1242/5000
