
=== c0prior ===
  n_pix=5662, k=30
  norm band:   [1310.0, 1325.0] Å rest
  c_0       = 0.019821  (log_c_0=-3.9210)
  τ_0       = 1.529525e-03 (log_tau_0=-6.4828)
  β         = 2.5668
  M singular values: max=144.4, min=1.027, ratio=140.6
  M sv top 5: [144.4304879   12.2623153    9.19984576   7.37071213   4.65543774]
  M sv bottom 5: [1.34584092 1.30856679 1.19540173 1.1644326  1.0270862 ]
  |M|_F^2 = 2.132e+04
  ω² stats: min=0.2168  median=0.9869  max=197.9
  log_omega stats: min=-0.7645  median=-0.0066  max=2.6440
  computing full K = MMᵀ + diag(ω²) eigendecomp (n=5662) ... done.
  K eigenvalues: min=0.2169  max=2.088e+04
  cond(K)        = 9.627e+04
  K eigs in [1e-3 .. max]: 2386
  K eigs in [1e-6 .. max]: 5662
  K eigs in [1e-9 .. max]: 5662
  c_0 × μ_mean = 0.0239  (data should be ≈ 1.0 after normalization)
  c_0² × eigs[max] = 8.203
  c_0² × eigs[min] = 8.521e-05

=== m_baseline ===
  n_pix=5662, k=30
  norm band:   [1425.0, 1475.0] Å rest
  c_0       = 0.023574  (log_c_0=-3.7476)
  τ_0       = 1.751452e-03 (log_tau_0=-6.3473)
  β         = 2.9694
  M singular values: max=31.95, min=1.215, ratio=26.3
  M sv top 5: [31.95111605 15.46470118 11.57726892  5.71349335  5.41041081]
  M sv bottom 5: [1.62102739 1.54752827 1.38997588 1.28575561 1.214725  ]
  |M|_F^2 = 1648
  ω² stats: min=0.07882  median=0.4665  max=160.6
  log_omega stats: min=-1.2703  median=-0.3812  max=2.5396
  computing full K = MMᵀ + diag(ω²) eigendecomp (n=5662) ... done.
  K eigenvalues: min=0.07889  max=1033
  cond(K)        = 1.309e+04
  K eigs in [1e-3 .. max]: 2596
  K eigs in [1e-6 .. max]: 5662
  K eigs in [1e-9 .. max]: 5662
  c_0 × μ_mean = 0.0334  (data should be ≈ 1.0 after normalization)
  c_0² × eigs[max] = 0.5739
  c_0² × eigs[min] = 4.385e-05
