INFO:spectra.py:453:read_spectra: iotime 0.092 sec to read spectra from:  spectra-16-789.fits at 2026-05-14T11:26:52.650751
ERROR:coaddition.py:851:coadd_cameras: Input wavelength grids (band 'r') are not aligned. Use --lin-step or --log10-step to resample to a common grid.
spectrum: 7781 pixels, z_qso=2.9620

=== c0prior ===
  model: /home/mfho/desi_gpy_dla_detection/docs/notes/2026-05-11_desi_phase2_2lpt_loa124_nohcd_nobal_wide_c0prior/phase2_result.h5
DESI GP model detected.
  → overriding params.normalization window from .h5: [1425.0, 1475.0] Å → [1310.0, 1325.0] Å
DESI DLA model detected.
  log p(D|no DLA) = -3029.9300
  in-memory log_c_0 = -3.9210  (c_0 = 0.01982)
  in-memory log_tau_0 = -6.4828
  in-memory log_beta = 0.9427
  log p(D|1 DLA at truth z=2.7748, log_NHI=21.263) = -3011.8377
  Δ vs null = +18.0923  (>0 means DLA preferred)
  z_dla scan range: [1.982, 2.952]
  surf log L: max=-3012.289  min=-3256.775  median=-3039.044
  count(logL > null) = 34/160
  best in surf: z=2.7726  logNHI=21.514  logL=-3012.289  Δ=+17.641

=== m_baseline ===
  model: /home/mfho/desi_gpy_dla_detection/docs/notes/2026-05-11_desi_phase2_2lpt_loa124_nohcd_nobal_wide_m/phase2_result.h5
DESI GP model detected.
DESI DLA model detected.
  log p(D|no DLA) = -2879.5073
  in-memory log_c_0 = -3.7476  (c_0 = 0.02357)
  in-memory log_tau_0 = -6.3473
  in-memory log_beta = 1.0884
  log p(D|1 DLA at truth z=2.7748, log_NHI=21.263) = -2857.2900
  Δ vs null = +22.2173  (>0 means DLA preferred)
  z_dla scan range: [1.982, 2.952]
  surf log L: max=-2856.812  min=-3103.891  median=-2887.445
  count(logL > null) = 37/160
  best in surf: z=2.7726  logNHI=21.514  logL=-2856.812  Δ=+22.696

[m_baseline log_c_0 = -3.7476, c_0 = 0.02357]

=== c0prior_override_c_0 (use m's c_0) ===
  model: /home/mfho/desi_gpy_dla_detection/docs/notes/2026-05-11_desi_phase2_2lpt_loa124_nohcd_nobal_wide_c0prior/phase2_result.h5
DESI GP model detected.
  → overriding params.normalization window from .h5: [1425.0, 1475.0] Å → [1310.0, 1325.0] Å
DESI DLA model detected.
  OVERRIDE: log_c_0  -3.9210 -> -3.7476  (c_0  0.01982 -> 0.02357)
  log p(D|no DLA) = -3030.6004
  in-memory log_c_0 = -3.7476  (c_0 = 0.02357)
  in-memory log_tau_0 = -6.4828
  in-memory log_beta = 0.9427
  log p(D|1 DLA at truth z=2.7748, log_NHI=21.263) = -3012.3974
  Δ vs null = +18.2030  (>0 means DLA preferred)
  z_dla scan range: [1.982, 2.952]
  surf log L: max=-3012.801  min=-3257.241  median=-3039.642
  count(logL > null) = 34/160
  best in surf: z=2.7726  logNHI=21.514  logL=-3012.801  Δ=+17.799

=== c0prior_override_c_0_0.1 (anchor) ===
  model: /home/mfho/desi_gpy_dla_detection/docs/notes/2026-05-11_desi_phase2_2lpt_loa124_nohcd_nobal_wide_c0prior/phase2_result.h5
DESI GP model detected.
  → overriding params.normalization window from .h5: [1425.0, 1475.0] Å → [1310.0, 1325.0] Å
DESI DLA model detected.
  OVERRIDE: log_c_0  -3.9210 -> -2.3026  (c_0  0.01982 -> 0.10000)
  log p(D|no DLA) = -3054.2036
  in-memory log_c_0 = -2.3026  (c_0 = 0.10000)
  in-memory log_tau_0 = -6.4828
  in-memory log_beta = 0.9427
  log p(D|1 DLA at truth z=2.7748, log_NHI=21.263) = -3032.1893
  Δ vs null = +22.0143  (>0 means DLA preferred)
  z_dla scan range: [1.982, 2.952]
  surf log L: max=-3031.002  min=-3273.338  median=-3060.480
  count(logL > null) = 45/160
  best in surf: z=2.7726  logNHI=21.514  logL=-3031.002  Δ=+23.201

Wrote /home/mfho/desi_gpy_dla_detection/docs/notes/2026-05-14_c0prior_failure_investigation/probe_canonical.json

=== FINAL TABLE ===
variant                                         null     L@truth           Δ    max surf
c0prior                                    -3029.930   -3011.838     +18.092   -3012.289
m_baseline                                 -2879.507   -2857.290     +22.217   -2856.812
c0prior_override_c_0                       -3030.600   -3012.397     +18.203   -3012.801
c0prior_override_c0_01                     -3054.204   -3032.189     +22.014   -3031.002
