[gl] Wed May 20 20:18:20 EDT 2026 job=50565955  range=0..62 step=2
[gl] LEARNED_FILE=/scratch/cavestru_root/cavestru0/mfho/phase2_desi/2lpt_loa124_nohcd_nobal_wide_m/phase2_result.h5
[gl] OUTDIR=/gpfs/accounts/cavestru_root/cavestru0/mfho/gl_prod_smoke_london0_v1_20260520/outputs
[gl] MAX_LAMBDA=1250 MAX_DLAS=3 SINGLE_ABSORBER_MODEL=1
[gl] NUM_DLA_SAMPLES=50000 FILTER=1
[gl] level2 0..2
[gl] level2 2..4
[gl] level2 4..6
[gl] level2 6..8
[gl] level2 8..10
[gl] level2 10..12
[gl] level2 12..14
[gl] level2 14..16
[gl] level2 16..18
[gl] level2 18..20
[gl] level2 20..22
[gl] level2 22..24
[gl] level2 24..26
[gl] level2 26..28
[gl] level2 28..30
[gl] level2 30..32
[gl] level2 32..34
[gl] level2 34..36
[gl] level2 36..38
[gl] level2 38..40
[gl] level2 40..42
[gl] level2 42..44
[gl] level2 44..46
[gl] level2 46..48
[gl] level2 48..50
[gl] level2 50..52
[gl] level2 52..54
[gl] level2 54..56
[gl] level2 56..58
[gl] level2 58..60
[gl] level2 60..62
[gl] level2 62..64
